[  0%] Built target storedetail
[  0%] Built target infra_thread
[  4%] Built target fmt
[ 27%] Built target zlibstatic
[ 27%] Built target infra_template
[ 29%] Built target kv_common
[ 29%] Built target infra_status
[ 40%] Built target spdlog
[ 44%] Built target infra_logger
[ 51%] Built target offset_allocator
[ 53%] Built target trans
[ 55%] Linking CXX shared library libucm_p2p_transport.so
[ 59%] Built target buffer_pool
[ 70%] Built target ucm_p2p_transport
[ 72%] Linking CXX shared library libdramstore.so
[ 85%] Built target dramstore
[ 87%] Building CXX object ucm/store/dram/CMakeFiles/drampool_core.dir/cc/drampool/completion_poller.cc.o
[ 89%] Building CXX object ucm/store/dram/CMakeFiles/drampool_core.dir/cc/drampool/task_worker.cc.o
[ 91%] Linking CXX static library libdrampool_core.a
[ 97%] Built target drampool_core
[100%] Linking CXX executable drampool
[100%] Built target drampool
